// Jest Snapshot v1, https://goo.gl/fbAQLP

exports[`It renders App 1`] = `
Array [
  <header>
    <header
      className="MuiPaper-root MuiPaper-elevation4 MuiAppBar-root MuiAppBar-positionSticky MuiAppBar-colorPrimary"
    >
      Greenfield Logo
    </header>
  </header>,
  <div
    className="MuiContainer-root MuiContainer-maxWidthLg"
  >
    <div>
      <main>
        <br />
        <br />
        <br />
        <div
          className="MuiPaper-root MuiPaper-elevation1 MuiCard-root makeStyles-card-44 MuiPaper-rounded"
        >
          <button
            className="MuiButtonBase-root MuiCardActionArea-root"
            onBlur={[Function]}
            onDragLeave={[Function]}
            onFocus={[Function]}
            onKeyDown={[Function]}
            onKeyUp={[Function]}
            onMouseDown={[Function]}
            onMouseLeave={[Function]}
            onMouseUp={[Function]}
            onTouchEnd={[Function]}
            onTouchMove={[Function]}
            onTouchStart={[Function]}
            tabIndex={0}
            type="button"
          >
            <div
              className="MuiCardContent-root"
            >
              <h2
                className="MuiTypography-root MuiTypography-h5 MuiTypography-gutterBottom"
              />
              <p
                className="MuiTypography-root MuiTypography-body2 MuiTypography-colorTextSecondary"
              >
                camo onsie camo onsie camo onsie camo onsie camo onsie camo onsie camo onsie camo onsie
              </p>
            </div>
            <span
              className="MuiCardActionArea-focusHighlight"
            />
          </button>
        </div>
        <form
          onSubmit={[Function]}
        >
          <input
            onChange={[Function]}
            placeholder="HAVE A QUESTION? SEARCH FOR ANSWERS..."
            size="100"
            type="text"
            value=""
          />
        </form>
      </main>
    </div>
    <div />
    <div
      className="makeStyles-root-84"
    >
      <div
        className="MuiGrid-root MuiGrid-container MuiGrid-spacing-xs-3"
      >
        <div
          className="MuiGrid-root MuiGrid-item MuiGrid-grid-xs-3"
        >
          <div
            className="MuiPaper-root MuiPaper-elevation1 makeStyles-paper-85 MuiPaper-rounded"
          >
            Ratings and Reviews
          </div>
        </div>
      </div>
      <div
        className="MuiGrid-root MuiGrid-container MuiGrid-spacing-xs-3"
      >
        <div
          className="MuiGrid-root MuiGrid-item MuiGrid-grid-xs-true"
        >
          <div
            className="MuiPaper-root MuiPaper-elevation1 makeStyles-paper-85 MuiPaper-rounded"
          >
            Rating and Star
          </div>
          <div
            className="MuiPaper-root MuiPaper-elevation1 makeStyles-paper-85 MuiPaper-rounded"
          >
            <div>
              xxx% of users recommend this product
            </div>
          </div>
          <div
            className="MuiPaper-root MuiPaper-elevation1 makeStyles-paper-85 MuiPaper-rounded"
          >
            Stars List
          </div>
          <div
            className="MuiPaper-root MuiPaper-elevation1 makeStyles-paper-85 MuiPaper-rounded"
          >
            <div>
              <span>
                 
                Comfort Graph - Working on Slider
                <div
                  className="rc-slider"
                  onBlur={[Function]}
                  onFocus={[Function]}
                  onKeyDown={[Function]}
                  onMouseDown={[Function]}
                  onMouseUp={[Function]}
                  onTouchStart={[Function]}
                >
                  <div
                    className="rc-slider-rail"
                    style={Object {}}
                  />
                  <div
                    className="rc-slider-track"
                    style={
                      Object {
                        "left": "0%",
                        "width": "5%",
                      }
                    }
                  />
                  <div
                    className="rc-slider-step"
                  >
                    <span
                      className="rc-slider-dot rc-slider-dot-active"
                      style={
                        Object {
                          "left": "0%",
                        }
                      }
                    />
                    <span
                      className="rc-slider-dot rc-slider-dot-active"
                      style={
                        Object {
                          "left": "1%",
                        }
                      }
                    />
                    <span
                      className="rc-slider-dot rc-slider-dot-active"
                      style={
                        Object {
                          "left": "2%",
                        }
                      }
                    />
                    <span
                      className="rc-slider-dot rc-slider-dot-active"
                      style={
                        Object {
                          "left": "3%",
                        }
                      }
                    />
                    <span
                      className="rc-slider-dot rc-slider-dot-active"
                      style={
                        Object {
                          "left": "4%",
                        }
                      }
                    />
                    <span
                      className="rc-slider-dot rc-slider-dot-active"
                      style={
                        Object {
                          "left": "5%",
                        }
                      }
                    />
                    <span
                      className="rc-slider-dot"
                      style={
                        Object {
                          "left": "6%",
                        }
                      }
                    />
                    <span
                      className="rc-slider-dot"
                      style={
                        Object {
                          "left": "7.000000000000001%",
                        }
                      }
                    />
                    <span
                      className="rc-slider-dot"
                      style={
                        Object {
                          "left": "8%",
                        }
                      }
                    />
                    <span
                      className="rc-slider-dot"
                      style={
                        Object {
                          "left": "9%",
                        }
                      }
                    />
                    <span
                      className="rc-slider-dot"
                      style={
                        Object {
                          "left": "10%",
                        }
                      }
                    />
                    <span
                      className="rc-slider-dot"
                      style={
                        Object {
                          "left": "11%",
                        }
                      }
                    />
                    <span
                      className="rc-slider-dot"
                      style={
                        Object {
                          "left": "12%",
                        }
                      }
                    />
                    <span
                      className="rc-slider-dot"
                      style={
                        Object {
                          "left": "13%",
                        }
                      }
                    />
                    <span
                      className="rc-slider-dot"
                      style={
                        Object {
                          "left": "14.000000000000002%",
                        }
                      }
                    />
                    <span
                      className="rc-slider-dot"
                      style={
                        Object {
                          "left": "15%",
                        }
                      }
                    />
                    <span
                      className="rc-slider-dot"
                      style={
                        Object {
                          "left": "16%",
                        }
                      }
                    />
                    <span
                      className="rc-slider-dot"
                      style={
                        Object {
                          "left": "17%",
                        }
                      }
                    />
                    <span
                      className="rc-slider-dot"
                      style={
                        Object {
                          "left": "18%",
                        }
                      }
                    />
                    <span
                      className="rc-slider-dot"
                      style={
                        Object {
                          "left": "19%",
                        }
                      }
                    />
                    <span
                      className="rc-slider-dot"
                      style={
                        Object {
                          "left": "20%",
                        }
                      }
                    />
                    <span
                      className="rc-slider-dot"
                      style={
                        Object {
                          "left": "21%",
                        }
                      }
                    />
                    <span
                      className="rc-slider-dot"
                      style={
                        Object {
                          "left": "22%",
                        }
                      }
                    />
                    <span
                      className="rc-slider-dot"
                      style={
                        Object {
                          "left": "23%",
                        }
                      }
                    />
                    <span
                      className="rc-slider-dot"
                      style={
                        Object {
                          "left": "24%",
                        }
                      }
                    />
                    <span
                      className="rc-slider-dot"
                      style={
                        Object {
                          "left": "25%",
                        }
                      }
                    />
                    <span
                      className="rc-slider-dot"
                      style={
                        Object {
                          "left": "26%",
                        }
                      }
                    />
                    <span
                      className="rc-slider-dot"
                      style={
                        Object {
                          "left": "27%",
                        }
                      }
                    />
                    <span
                      className="rc-slider-dot"
                      style={
                        Object {
                          "left": "28.000000000000004%",
                        }
                      }
                    />
                    <span
                      className="rc-slider-dot"
                      style={
                        Object {
                          "left": "28.999999999999996%",
                        }
                      }
                    />
                    <span
                      className="rc-slider-dot"
                      style={
                        Object {
                          "left": "30%",
                        }
                      }
                    />
                    <span
                      className="rc-slider-dot"
                      style={
                        Object {
                          "left": "31%",
                        }
                      }
                    />
                    <span
                      className="rc-slider-dot"
                      style={
                        Object {
                          "left": "32%",
                        }
                      }
                    />
                    <span
                      className="rc-slider-dot"
                      style={
                        Object {
                          "left": "33%",
                        }
                      }
                    />
                    <span
                      className="rc-slider-dot"
                      style={
                        Object {
                          "left": "34%",
                        }
                      }
                    />
                    <span
                      className="rc-slider-dot"
                      style={
                        Object {
                          "left": "35%",
                        }
                      }
                    />
                    <span
                      className="rc-slider-dot"
                      style={
                        Object {
                          "left": "36%",
                        }
                      }
                    />
                    <span
                      className="rc-slider-dot"
                      style={
                        Object {
                          "left": "37%",
                        }
                      }
                    />
                    <span
                      className="rc-slider-dot"
                      style={
                        Object {
                          "left": "38%",
                        }
                      }
                    />
                    <span
                      className="rc-slider-dot"
                      style={
                        Object {
                          "left": "39%",
                        }
                      }
                    />
                    <span
                      className="rc-slider-dot"
                      style={
                        Object {
                          "left": "40%",
                        }
                      }
                    />
                    <span
                      className="rc-slider-dot"
                      style={
                        Object {
                          "left": "41%",
                        }
                      }
                    />
                    <span
                      className="rc-slider-dot"
                      style={
                        Object {
                          "left": "42%",
                        }
                      }
                    />
                    <span
                      className="rc-slider-dot"
                      style={
                        Object {
                          "left": "43%",
                        }
                      }
                    />
                    <span
                      className="rc-slider-dot"
                      style={
                        Object {
                          "left": "44%",
                        }
                      }
                    />
                    <span
                      className="rc-slider-dot"
                      style={
                        Object {
                          "left": "45%",
                        }
                      }
                    />
                    <span
                      className="rc-slider-dot"
                      style={
                        Object {
                          "left": "46%",
                        }
                      }
                    />
                    <span
                      className="rc-slider-dot"
                      style={
                        Object {
                          "left": "47%",
                        }
                      }
                    />
                    <span
                      className="rc-slider-dot"
                      style={
                        Object {
                          "left": "48%",
                        }
                      }
                    />
                    <span
                      className="rc-slider-dot"
                      style={
                        Object {
                          "left": "49%",
                        }
                      }
                    />
                    <span
                      className="rc-slider-dot"
                      style={
                        Object {
                          "left": "50%",
                        }
                      }
                    />
                    <span
                      className="rc-slider-dot"
                      style={
                        Object {
                          "left": "51%",
                        }
                      }
                    />
                    <span
                      className="rc-slider-dot"
                      style={
                        Object {
                          "left": "52%",
                        }
                      }
                    />
                    <span
                      className="rc-slider-dot"
                      style={
                        Object {
                          "left": "53%",
                        }
                      }
                    />
                    <span
                      className="rc-slider-dot"
                      style={
                        Object {
                          "left": "54%",
                        }
                      }
                    />
                    <span
                      className="rc-slider-dot"
                      style={
                        Object {
                          "left": "55.00000000000001%",
                        }
                      }
                    />
                    <span
                      className="rc-slider-dot"
                      style={
                        Object {
                          "left": "56.00000000000001%",
                        }
                      }
                    />
                    <span
                      className="rc-slider-dot"
                      style={
                        Object {
                          "left": "56.99999999999999%",
                        }
                      }
                    />
                    <span
                      className="rc-slider-dot"
                      style={
                        Object {
                          "left": "57.99999999999999%",
                        }
                      }
                    />
                    <span
                      className="rc-slider-dot"
                      style={
                        Object {
                          "left": "59%",
                        }
                      }
                    />
                    <span
                      className="rc-slider-dot"
                      style={
                        Object {
                          "left": "60%",
                        }
                      }
                    />
                    <span
                      className="rc-slider-dot"
                      style={
                        Object {
                          "left": "61%",
                        }
                      }
                    />
                    <span
                      className="rc-slider-dot"
                      style={
                        Object {
                          "left": "62%",
                        }
                      }
                    />
                    <span
                      className="rc-slider-dot"
                      style={
                        Object {
                          "left": "63%",
                        }
                      }
                    />
                    <span
                      className="rc-slider-dot"
                      style={
                        Object {
                          "left": "64%",
                        }
                      }
                    />
                    <span
                      className="rc-slider-dot"
                      style={
                        Object {
                          "left": "65%",
                        }
                      }
                    />
                    <span
                      className="rc-slider-dot"
                      style={
                        Object {
                          "left": "66%",
                        }
                      }
                    />
                    <span
                      className="rc-slider-dot"
                      style={
                        Object {
                          "left": "67%",
                        }
                      }
                    />
                    <span
                      className="rc-slider-dot"
                      style={
                        Object {
                          "left": "68%",
                        }
                      }
                    />
                    <span
                      className="rc-slider-dot"
                      style={
                        Object {
                          "left": "69%",
                        }
                      }
                    />
                    <span
                      className="rc-slider-dot"
                      style={
                        Object {
                          "left": "70%",
                        }
                      }
                    />
                    <span
                      className="rc-slider-dot"
                      style={
                        Object {
                          "left": "71%",
                        }
                      }
                    />
                    <span
                      className="rc-slider-dot"
                      style={
                        Object {
                          "left": "72%",
                        }
                      }
                    />
                    <span
                      className="rc-slider-dot"
                      style={
                        Object {
                          "left": "73%",
                        }
                      }
                    />
                    <span
                      className="rc-slider-dot"
                      style={
                        Object {
                          "left": "74%",
                        }
                      }
                    />
                    <span
                      className="rc-slider-dot"
                      style={
                        Object {
                          "left": "75%",
                        }
                      }
                    />
                    <span
                      className="rc-slider-dot"
                      style={
                        Object {
                          "left": "76%",
                        }
                      }
                    />
                    <span
                      className="rc-slider-dot"
                      style={
                        Object {
                          "left": "77%",
                        }
                      }
                    />
                    <span
                      className="rc-slider-dot"
                      style={
                        Object {
                          "left": "78%",
                        }
                      }
                    />
                    <span
                      className="rc-slider-dot"
                      style={
                        Object {
                          "left": "79%",
                        }
                      }
                    />
                    <span
                      className="rc-slider-dot"
                      style={
                        Object {
                          "left": "80%",
                        }
                      }
                    />
                    <span
                      className="rc-slider-dot"
                      style={
                        Object {
                          "left": "81%",
                        }
                      }
                    />
                    <span
                      className="rc-slider-dot"
                      style={
                        Object {
                          "left": "82%",
                        }
                      }
                    />
                    <span
                      className="rc-slider-dot"
                      style={
                        Object {
                          "left": "83%",
                        }
                      }
                    />
                    <span
                      className="rc-slider-dot"
                      style={
                        Object {
                          "left": "84%",
                        }
                      }
                    />
                    <span
                      className="rc-slider-dot"
                      style={
                        Object {
                          "left": "85%",
                        }
                      }
                    />
                    <span
                      className="rc-slider-dot"
                      style={
                        Object {
                          "left": "86%",
                        }
                      }
                    />
                    <span
                      className="rc-slider-dot"
                      style={
                        Object {
                          "left": "87%",
                        }
                      }
                    />
                    <span
                      className="rc-slider-dot"
                      style={
                        Object {
                          "left": "88%",
                        }
                      }
                    />
                    <span
                      className="rc-slider-dot"
                      style={
                        Object {
                          "left": "89%",
                        }
                      }
                    />
                    <span
                      className="rc-slider-dot"
                      style={
                        Object {
                          "left": "90%",
                        }
                      }
                    />
                    <span
                      className="rc-slider-dot"
                      style={
                        Object {
                          "left": "91%",
                        }
                      }
                    />
                    <span
                      className="rc-slider-dot"
                      style={
                        Object {
                          "left": "92%",
                        }
                      }
                    />
                    <span
                      className="rc-slider-dot"
                      style={
                        Object {
                          "left": "93%",
                        }
                      }
                    />
                    <span
                      className="rc-slider-dot"
                      style={
                        Object {
                          "left": "94%",
                        }
                      }
                    />
                    <span
                      className="rc-slider-dot"
                      style={
                        Object {
                          "left": "95%",
                        }
                      }
                    />
                    <span
                      className="rc-slider-dot"
                      style={
                        Object {
                          "left": "96%",
                        }
                      }
                    />
                    <span
                      className="rc-slider-dot"
                      style={
                        Object {
                          "left": "97%",
                        }
                      }
                    />
                    <span
                      className="rc-slider-dot"
                      style={
                        Object {
                          "left": "98%",
                        }
                      }
                    />
                    <span
                      className="rc-slider-dot"
                      style={
                        Object {
                          "left": "99%",
                        }
                      }
                    />
                    <span
                      className="rc-slider-dot"
                      style={
                        Object {
                          "left": "100%",
                        }
                      }
                    />
                  </div>
                  <div
                    aria-disabled={false}
                    aria-valuemax={100}
                    aria-valuemin={0}
                    aria-valuenow={5}
                    className="rc-slider-handle"
                    onBlur={[Function]}
                    onKeyDown={[Function]}
                    onMouseDown={[Function]}
                    role="slider"
                    style={
                      Object {
                        "left": "5%",
                      }
                    }
                    tabIndex={0}
                  />
                  <div
                    className="rc-slider-mark"
                  />
                </div>
              </span>
            </div>
          </div>
        </div>
        <div
          className="MuiGrid-root MuiGrid-item MuiGrid-grid-xs-9"
        >
          <div
            className="MuiPaper-root MuiPaper-elevation1 makeStyles-paper-85 MuiPaper-rounded"
          >
            Sort By Relevance
          </div>
          <div
            className="MuiPaper-root MuiPaper-elevation1 makeStyles-paper-85 MuiPaper-rounded"
          >
            <div
              className="MuiGrid-root"
            >
              <div
                className="MuiGrid-root MuiGrid-container MuiGrid-justify-xs-space-between"
              >
                <div
                  className="MuiGrid-root MuiGrid-item"
                >
                  stars
                </div>
                <div
                  className="MuiGrid-root MuiGrid-item"
                >
                  User
                </div>
              </div>
              <div
                className="MuiGrid-root"
              >
                <div
                  className="MuiGrid-root MuiGrid-item"
                >
                  Summary Bold
                </div>
                <div
                  className="MuiGrid-root MuiGrid-item"
                >
                  Body
                </div>
                <div
                  className="MuiGrid-root MuiGrid-item"
                >
                  Recommend Y/N
                </div>
                <div
                  className="MuiGrid-root MuiGrid-container"
                >
                  <div
                    className="MuiGrid-root MuiGrid-item MuiGrid-grid-xs-9"
                  >
                    Response
                  </div>
                  <div
                    className="MuiGrid-root MuiGrid-item"
                  >
                    Response Summary
                  </div>
                </div>
                <div
                  className="MuiGrid-root MuiGrid-item"
                >
                  Helpful | yes?
                </div>
              </div>
              <div
                className="MuiGrid-root"
              />
            </div>
          </div>
          <div
            className="MuiGrid-root MuiGrid-container MuiGrid-spacing-xs-6 MuiGrid-align-items-xs-baseline"
          >
            <div
              className="MuiGrid-root MuiGrid-item"
            >
              <button
                className="MuiButtonBase-root MuiButton-root MuiButton-outlined MuiButton-sizeLarge"
                disabled={false}
                onBlur={[Function]}
                onDragLeave={[Function]}
                onFocus={[Function]}
                onKeyDown={[Function]}
                onKeyUp={[Function]}
                onMouseDown={[Function]}
                onMouseLeave={[Function]}
                onMouseUp={[Function]}
                onTouchEnd={[Function]}
                onTouchMove={[Function]}
                onTouchStart={[Function]}
                tabIndex={0}
                type="button"
              >
                <span
                  className="MuiButton-label"
                >
                  MORE REVIEWS
                </span>
              </button>
            </div>
            <div
              className="MuiGrid-root MuiGrid-item"
            >
              <button
                className="MuiButtonBase-root MuiButton-root MuiButton-outlined MuiButton-sizeLarge"
                disabled={false}
                onBlur={[Function]}
                onDragLeave={[Function]}
                onFocus={[Function]}
                onKeyDown={[Function]}
                onKeyUp={[Function]}
                onMouseDown={[Function]}
                onMouseLeave={[Function]}
                onMouseUp={[Function]}
                onTouchEnd={[Function]}
                onTouchMove={[Function]}
                onTouchStart={[Function]}
                tabIndex={0}
                type="button"
              >
                <span
                  className="MuiButton-label"
                >
                  ADD A REVIEW +
                </span>
              </button>
            </div>
          </div>
        </div>
      </div>
    </div>
  </div>,
]
`;
